<?xml version="1.0" encoding="ISO-8859-1" ?>
<link_info>
   <banner>TMS320C2000 Linker PC v18.1.1.LTS</banner>
   <copyright>Copyright (c) 1996-2017 Texas Instruments Incorporated</copyright>
   <link_time>0x5b174f78</link_time>
   <link_errors>0x0</link_errors>
   <output_file>Universal_Robot_System.out</output_file>
   <entry_point>
      <name>_c_int00</name>
      <address>0x3320e7</address>
   </entry_point>
   <input_file_list>
      <input_file id="fl-2">
         <path>.\</path>
         <kind>object</kind>
         <file>main.obj</file>
         <name>main.obj</name>
      </input_file>
      <input_file id="fl-3">
         <path>.\RobotSystemFiles\HardwareInterface\Motor Driver Communicate Protocol\CAN Communicate Protocol\CANopen Communicate Protocol\driver\</path>
         <kind>object</kind>
         <file>CANopenMotorControlCANIDInterface.obj</file>
         <name>CANopenMotorControlCANIDInterface.obj</name>
      </input_file>
      <input_file id="fl-4">
         <path>.\RobotSystemFiles\HardwareInterface\Motor Driver Communicate Protocol\CAN Communicate Protocol\CANopen Communicate Protocol\source\</path>
         <kind>object</kind>
         <file>CANopen_Driver.obj</file>
         <name>CANopen_Driver.obj</name>
      </input_file>
      <input_file id="fl-5">
         <path>.\RobotSystemFiles\HardwareInterface\Motor Driver Communicate Protocol\CAN Communicate Protocol\CANopen Communicate Protocol\source\</path>
         <kind>object</kind>
         <file>CANopen_FuncCode.obj</file>
         <name>CANopen_FuncCode.obj</name>
      </input_file>
      <input_file id="fl-6">
         <path>.\RobotSystemFiles\HardwareInterface\Motor Driver Communicate Protocol\CAN Communicate Protocol\CANopen Communicate Protocol\source\</path>
         <kind>object</kind>
         <file>CANopen_NmtMaster.obj</file>
         <name>CANopen_NmtMaster.obj</name>
      </input_file>
      <input_file id="fl-7">
         <path>.\RobotSystemFiles\HardwareInterface\Motor Driver Communicate Protocol\CAN Communicate Protocol\CANopen Communicate Protocol\source\</path>
         <kind>object</kind>
         <file>CANopen_ObjDictionaryAccess.obj</file>
         <name>CANopen_ObjDictionaryAccess.obj</name>
      </input_file>
      <input_file id="fl-8">
         <path>.\RobotSystemFiles\HardwareInterface\Motor Driver Communicate Protocol\CAN Communicate Protocol\CANopen Communicate Protocol\source\</path>
         <kind>object</kind>
         <file>CANopen_SDO.obj</file>
         <name>CANopen_SDO.obj</name>
      </input_file>
      <input_file id="fl-9">
         <path>.\RobotSystemFiles\HardwareInterface\Motor Driver Communicate Protocol\CAN Communicate Protocol\CANopen Communicate Protocol\source\</path>
         <kind>object</kind>
         <file>CANopen_States.obj</file>
         <name>CANopen_States.obj</name>
      </input_file>
      <input_file id="fl-a">
         <path>.\RobotSystemFiles\HardwareInterface\Motor Driver Communicate Protocol\CAN Communicate Protocol\CANopen Communicate Protocol\source\</path>
         <kind>object</kind>
         <file>CANopen_TestMaster.obj</file>
         <name>CANopen_TestMaster.obj</name>
      </input_file>
      <input_file id="fl-b">
         <path>.\RobotSystemFiles\HardwareInterface\Sensor Communicate Protocol\Bus Sensor Communicate Protocol\Customized Bus Sensor Communicate Protocol\</path>
         <kind>object</kind>
         <file>customized_bus_sensor_communicate_protocol.obj</file>
         <name>customized_bus_sensor_communicate_protocol.obj</name>
      </input_file>
      <input_file id="fl-c">
         <path>.\RobotSystemFiles\HardwareInterface\Sensor Communicate Protocol\Bus Sensor Communicate Protocol\</path>
         <kind>object</kind>
         <file>bus_sensor_communicate_protocol.obj</file>
         <name>bus_sensor_communicate_protocol.obj</name>
      </input_file>
      <input_file id="fl-d">
         <path>.\RobotSystemFiles\HardwareLevel\AD\Interface\</path>
         <kind>object</kind>
         <file>ad_hardware_interface.obj</file>
         <name>ad_hardware_interface.obj</name>
      </input_file>
      <input_file id="fl-e">
         <path>.\RobotSystemFiles\HardwareLevel\AD\Realization\TMS320F28335\</path>
         <kind>object</kind>
         <file>tms320f28335_ad_hardware.obj</file>
         <name>tms320f28335_ad_hardware.obj</name>
      </input_file>
      <input_file id="fl-f">
         <path>.\RobotSystemFiles\HardwareLevel\Bus\Interface\</path>
         <kind>object</kind>
         <file>bus_hardware_interface.obj</file>
         <name>bus_hardware_interface.obj</name>
      </input_file>
      <input_file id="fl-10">
         <path>.\RobotSystemFiles\HardwareLevel\Bus\Realization\TMS320F28335\</path>
         <kind>object</kind>
         <file>sensor_interface_model.obj</file>
         <name>sensor_interface_model.obj</name>
      </input_file>
      <input_file id="fl-11">
         <path>.\RobotSystemFiles\HardwareLevel\Bus\Realization\TMS320F28335\</path>
         <kind>object</kind>
         <file>tms320f28335_bus_hardware.obj</file>
         <name>tms320f28335_bus_hardware.obj</name>
      </input_file>
      <input_file id="fl-12">
         <path>.\RobotSystemFiles\HardwareLevel\Can\Interface\</path>
         <kind>object</kind>
         <file>can_hardware_interface.obj</file>
         <name>can_hardware_interface.obj</name>
      </input_file>
      <input_file id="fl-13">
         <path>.\RobotSystemFiles\HardwareLevel\Can\Realization\TMS320F28335\</path>
         <kind>object</kind>
         <file>tms320f28335_can_hardware.obj</file>
         <name>tms320f28335_can_hardware.obj</name>
      </input_file>
      <input_file id="fl-14">
         <path>.\RobotSystemFiles\HardwareLevel\ExFlash\Interface\</path>
         <kind>object</kind>
         <file>flash_hardware_interface.obj</file>
         <name>flash_hardware_interface.obj</name>
      </input_file>
      <input_file id="fl-15">
         <path>.\RobotSystemFiles\HardwareLevel\ExFlash\Realization\TMS320F28335\</path>
         <kind>object</kind>
         <file>tms320f28335_exFlash_hardware.obj</file>
         <name>tms320f28335_exFlash_hardware.obj</name>
      </input_file>
      <input_file id="fl-16">
         <path>.\RobotSystemFiles\HardwareLevel\ExInterrupt\Interface\</path>
         <kind>object</kind>
         <file>ExInterrupt_hardware_interface.obj</file>
         <name>ExInterrupt_hardware_interface.obj</name>
      </input_file>
      <input_file id="fl-17">
         <path>.\RobotSystemFiles\HardwareLevel\ExInterrupt\Realization\TMS320F28335\</path>
         <kind>object</kind>
         <file>tms320f28335_exInterrupt_hardware.obj</file>
         <name>tms320f28335_exInterrupt_hardware.obj</name>
      </input_file>
      <input_file id="fl-18">
         <path>.\RobotSystemFiles\HardwareLevel\ExRam\Interface\</path>
         <kind>object</kind>
         <file>exRam_hardware_interface.obj</file>
         <name>exRam_hardware_interface.obj</name>
      </input_file>
      <input_file id="fl-19">
         <path>.\RobotSystemFiles\HardwareLevel\ExRam\Realization\TMS320F28335\</path>
         <kind>object</kind>
         <file>tms320f28335_exram_interface.obj</file>
         <name>tms320f28335_exram_interface.obj</name>
      </input_file>
      <input_file id="fl-1a">
         <path>.\RobotSystemFiles\HardwareLevel\Gpio\Interface\</path>
         <kind>object</kind>
         <file>gpio_hardware_interface.obj</file>
         <name>gpio_hardware_interface.obj</name>
      </input_file>
      <input_file id="fl-1b">
         <path>.\RobotSystemFiles\HardwareLevel\Gpio\Realization\TMS320F28335\</path>
         <kind>object</kind>
         <file>tms320f28335_gpio_hardware.obj</file>
         <name>tms320f28335_gpio_hardware.obj</name>
      </input_file>
      <input_file id="fl-1c">
         <path>.\RobotSystemFiles\HardwareLevel\SCI\Interface\</path>
         <kind>object</kind>
         <file>SCI_hardware_interface.obj</file>
         <name>SCI_hardware_interface.obj</name>
      </input_file>
      <input_file id="fl-1d">
         <path>.\RobotSystemFiles\HardwareLevel\SCI\Realization\TMS320F28335\</path>
         <kind>object</kind>
         <file>tms320f28335_SCI_hardware.obj</file>
         <name>tms320f28335_SCI_hardware.obj</name>
      </input_file>
      <input_file id="fl-1e">
         <path>.\RobotSystemFiles\HardwareLevel\SPI\Interface\</path>
         <kind>object</kind>
         <file>SPI_hardware_interface.obj</file>
         <name>SPI_hardware_interface.obj</name>
      </input_file>
      <input_file id="fl-1f">
         <path>.\RobotSystemFiles\HardwareLevel\SPI\Realization\TMS320F28335\</path>
         <kind>object</kind>
         <file>tms320f28335_SPI_hardware.obj</file>
         <name>tms320f28335_SPI_hardware.obj</name>
      </input_file>
      <input_file id="fl-20">
         <path>.\RobotSystemFiles\HardwareLevel\SerialPort\Interface\</path>
         <kind>object</kind>
         <file>serialPort_hardware_interface.obj</file>
         <name>serialPort_hardware_interface.obj</name>
      </input_file>
      <input_file id="fl-21">
         <path>.\RobotSystemFiles\HardwareLevel\SerialPort\Realization\</path>
         <kind>object</kind>
         <file>tms320f28335_serialPort_hardware.obj</file>
         <name>tms320f28335_serialPort_hardware.obj</name>
      </input_file>
      <input_file id="fl-22">
         <path>.\RobotSystemFiles\HardwareLevel\Timer\Interface\</path>
         <kind>object</kind>
         <file>timer_hardware_interface.obj</file>
         <name>timer_hardware_interface.obj</name>
      </input_file>
      <input_file id="fl-23">
         <path>.\RobotSystemFiles\HardwareLevel\Timer\Realization\TMS320F28335\</path>
         <kind>object</kind>
         <file>tms320f28335_timer_hardware.obj</file>
         <name>tms320f28335_timer_hardware.obj</name>
      </input_file>
      <input_file id="fl-24">
         <path>.\RobotSystemFiles\SensorLevel\AngleSensor\</path>
         <kind>object</kind>
         <file>angle_sensor_model.obj</file>
         <name>angle_sensor_model.obj</name>
      </input_file>
      <input_file id="fl-25">
         <path>.\RobotSystemFiles\SensorLevel\ForceSensor\</path>
         <kind>object</kind>
         <file>force_sensor_model.obj</file>
         <name>force_sensor_model.obj</name>
      </input_file>
      <input_file id="fl-26">
         <path>.\RobotSystemFiles\SensorLevel\Gpio\</path>
         <kind>object</kind>
         <file>gpio_sensor_model.obj</file>
         <name>gpio_sensor_model.obj</name>
      </input_file>
      <input_file id="fl-27">
         <path>.\RobotSystemFiles\Tools\DataFormat\</path>
         <kind>object</kind>
         <file>data_format.obj</file>
         <name>data_format.obj</name>
      </input_file>
      <input_file id="fl-28">
         <path>.\Source\</path>
         <kind>object</kind>
         <file>DSP2833x_ADC_cal.obj</file>
         <name>DSP2833x_ADC_cal.obj</name>
      </input_file>
      <input_file id="fl-29">
         <path>.\Source\</path>
         <kind>object</kind>
         <file>DSP2833x_CodeStartBranch.obj</file>
         <name>DSP2833x_CodeStartBranch.obj</name>
      </input_file>
      <input_file id="fl-2a">
         <path>.\Source\</path>
         <kind>object</kind>
         <file>DSP2833x_CpuTimers.obj</file>
         <name>DSP2833x_CpuTimers.obj</name>
      </input_file>
      <input_file id="fl-2b">
         <path>.\Source\</path>
         <kind>object</kind>
         <file>DSP2833x_DefaultIsr.obj</file>
         <name>DSP2833x_DefaultIsr.obj</name>
      </input_file>
      <input_file id="fl-2c">
         <path>.\Source\</path>
         <kind>object</kind>
         <file>DSP2833x_ECan.obj</file>
         <name>DSP2833x_ECan.obj</name>
      </input_file>
      <input_file id="fl-2d">
         <path>.\Source\</path>
         <kind>object</kind>
         <file>DSP2833x_EPwm.obj</file>
         <name>DSP2833x_EPwm.obj</name>
      </input_file>
      <input_file id="fl-2e">
         <path>.\Source\</path>
         <kind>object</kind>
         <file>DSP2833x_GlobalVariableDefs.obj</file>
         <name>DSP2833x_GlobalVariableDefs.obj</name>
      </input_file>
      <input_file id="fl-2f">
         <path>.\Source\</path>
         <kind>object</kind>
         <file>DSP2833x_Gpio.obj</file>
         <name>DSP2833x_Gpio.obj</name>
      </input_file>
      <input_file id="fl-30">
         <path>.\Source\</path>
         <kind>object</kind>
         <file>DSP2833x_PieCtrl.obj</file>
         <name>DSP2833x_PieCtrl.obj</name>
      </input_file>
      <input_file id="fl-31">
         <path>.\Source\</path>
         <kind>object</kind>
         <file>DSP2833x_PieVect.obj</file>
         <name>DSP2833x_PieVect.obj</name>
      </input_file>
      <input_file id="fl-32">
         <path>.\Source\</path>
         <kind>object</kind>
         <file>DSP2833x_Sci.obj</file>
         <name>DSP2833x_Sci.obj</name>
      </input_file>
      <input_file id="fl-33">
         <path>.\Source\</path>
         <kind>object</kind>
         <file>DSP2833x_SysCtrl.obj</file>
         <name>DSP2833x_SysCtrl.obj</name>
      </input_file>
      <input_file id="fl-34">
         <path>.\Source\</path>
         <kind>object</kind>
         <file>DSP2833x_Xintf.obj</file>
         <name>DSP2833x_Xintf.obj</name>
      </input_file>
      <input_file id="fl-35">
         <path>.\Source\</path>
         <kind>object</kind>
         <file>DSP2833x_usDelay.obj</file>
         <name>DSP2833x_usDelay.obj</name>
      </input_file>
      <input_file id="fl-3a">
         <kind>object</kind>
         <file>&lt;internal&gt;</file>
         <name>&lt;internal&gt;</name>
      </input_file>
      <input_file id="fl-46">
         <path>C:\ti\ccsv8\tools\compiler\ti-cgt-c2000_18.1.1.LTS\lib\</path>
         <kind>archive</kind>
         <file>rts2800_fpu32.lib</file>
         <name>boot28.asm.obj</name>
      </input_file>
      <input_file id="fl-47">
         <path>C:\ti\ccsv8\tools\compiler\ti-cgt-c2000_18.1.1.LTS\lib\</path>
         <kind>archive</kind>
         <file>rts2800_fpu32.lib</file>
         <name>fs_div28.asm.obj</name>
      </input_file>
      <input_file id="fl-48">
         <path>C:\ti\ccsv8\tools\compiler\ti-cgt-c2000_18.1.1.LTS\lib\</path>
         <kind>archive</kind>
         <file>rts2800_fpu32.lib</file>
         <name>i_div28.asm.obj</name>
      </input_file>
      <input_file id="fl-49">
         <path>C:\ti\ccsv8\tools\compiler\ti-cgt-c2000_18.1.1.LTS\lib\</path>
         <kind>archive</kind>
         <file>rts2800_fpu32.lib</file>
         <name>cpy_tbl.c.obj</name>
      </input_file>
      <input_file id="fl-4a">
         <path>C:\ti\ccsv8\tools\compiler\ti-cgt-c2000_18.1.1.LTS\lib\</path>
         <kind>archive</kind>
         <file>rts2800_fpu32.lib</file>
         <name>memcpy.c.obj</name>
      </input_file>
      <input_file id="fl-4b">
         <path>C:\ti\ccsv8\tools\compiler\ti-cgt-c2000_18.1.1.LTS\lib\</path>
         <kind>archive</kind>
         <file>rts2800_fpu32.lib</file>
         <name>pre_init.c.obj</name>
      </input_file>
      <input_file id="fl-4c">
         <path>C:\ti\ccsv8\tools\compiler\ti-cgt-c2000_18.1.1.LTS\lib\</path>
         <kind>archive</kind>
         <file>rts2800_fpu32.lib</file>
         <name>startup.c.obj</name>
      </input_file>
      <input_file id="fl-4d">
         <path>C:\ti\ccsv8\tools\compiler\ti-cgt-c2000_18.1.1.LTS\lib\</path>
         <kind>archive</kind>
         <file>rts2800_fpu32.lib</file>
         <name>exit.c.obj</name>
      </input_file>
      <input_file id="fl-4e">
         <path>C:\ti\ccsv8\tools\compiler\ti-cgt-c2000_18.1.1.LTS\lib\</path>
         <kind>archive</kind>
         <file>rts2800_fpu32.lib</file>
         <name>_lock.c.obj</name>
      </input_file>
      <input_file id="fl-4f">
         <path>C:\ti\ccsv8\tools\compiler\ti-cgt-c2000_18.1.1.LTS\lib\</path>
         <kind>archive</kind>
         <file>rts2800_fpu32.lib</file>
         <name>args_main.c.obj</name>
      </input_file>
   </input_file_list>
   <object_component_list>
      <object_component id="oc-125">
         <name>PieVectTableFile</name>
         <uninitialized>true</uninitialized>
         <run_address>0xd00</run_address>
         <size>0x100</size>
         <input_file_ref idref="fl-2e"/>
      </object_component>
      <object_component id="oc-121">
         <name>DevEmuRegsFile</name>
         <uninitialized>true</uninitialized>
         <run_address>0x880</run_address>
         <size>0xd0</size>
         <input_file_ref idref="fl-2e"/>
      </object_component>
      <object_component id="oc-f7">
         <name>FlashRegsFile</name>
         <uninitialized>true</uninitialized>
         <run_address>0xa80</run_address>
         <size>0x8</size>
         <input_file_ref idref="fl-2e"/>
      </object_component>
      <object_component id="oc-ff">
         <name>CsmRegsFile</name>
         <uninitialized>true</uninitialized>
         <run_address>0xae0</run_address>
         <size>0x10</size>
         <input_file_ref idref="fl-2e"/>
      </object_component>
      <object_component id="oc-100">
         <name>AdcMirrorFile</name>
         <uninitialized>true</uninitialized>
         <run_address>0xb00</run_address>
         <size>0x10</size>
         <input_file_ref idref="fl-2e"/>
      </object_component>
      <object_component id="oc-104">
         <name>XintfRegsFile</name>
         <uninitialized>true</uninitialized>
         <run_address>0xb20</run_address>
         <size>0x1e</size>
         <input_file_ref idref="fl-2e"/>
      </object_component>
      <object_component id="oc-f8">
         <name>CpuTimer0RegsFile</name>
         <uninitialized>true</uninitialized>
         <run_address>0xc00</run_address>
         <size>0x8</size>
         <input_file_ref idref="fl-2e"/>
      </object_component>
      <object_component id="oc-f9">
         <name>CpuTimer1RegsFile</name>
         <uninitialized>true</uninitialized>
         <run_address>0xc08</run_address>
         <size>0x8</size>
         <input_file_ref idref="fl-2e"/>
      </object_component>
      <object_component id="oc-f5">
         <name>CpuTimer2RegsFile</name>
         <uninitialized>true</uninitialized>
         <run_address>0xc10</run_address>
         <size>0x8</size>
         <input_file_ref idref="fl-2e"/>
      </object_component>
      <object_component id="oc-102">
         <name>PieCtrlRegsFile</name>
         <uninitialized>true</uninitialized>
         <run_address>0xce0</run_address>
         <size>0x1a</size>
         <input_file_ref idref="fl-2e"/>
      </object_component>
      <object_component id="oc-122">
         <name>DmaRegsFile</name>
         <uninitialized>true</uninitialized>
         <run_address>0x1000</run_address>
         <size>0xe0</size>
         <input_file_ref idref="fl-2e"/>
      </object_component>
      <object_component id="oc-115">
         <name>McbspaRegsFile</name>
         <uninitialized>true</uninitialized>
         <run_address>0x5000</run_address>
         <size>0x25</size>
         <input_file_ref idref="fl-2e"/>
      </object_component>
      <object_component id="oc-114">
         <name>McbspbRegsFile</name>
         <uninitialized>true</uninitialized>
         <run_address>0x5040</run_address>
         <size>0x25</size>
         <input_file_ref idref="fl-2e"/>
      </object_component>
      <object_component id="oc-117">
         <name>ECanaRegsFile</name>
         <uninitialized>true</uninitialized>
         <run_address>0x6000</run_address>
         <size>0x34</size>
         <input_file_ref idref="fl-2e"/>
      </object_component>
      <object_component id="oc-11b">
         <name>ECanaLAMRegsFile</name>
         <uninitialized>true</uninitialized>
         <run_address>0x6040</run_address>
         <size>0x40</size>
         <input_file_ref idref="fl-2e"/>
      </object_component>
      <object_component id="oc-124">
         <name>ECanaMboxesFile</name>
         <uninitialized>true</uninitialized>
         <run_address>0x6100</run_address>
         <size>0x100</size>
         <input_file_ref idref="fl-2e"/>
      </object_component>
      <object_component id="oc-11c">
         <name>ECanaMOTSRegsFile</name>
         <uninitialized>true</uninitialized>
         <run_address>0x6080</run_address>
         <size>0x40</size>
         <input_file_ref idref="fl-2e"/>
      </object_component>
      <object_component id="oc-119">
         <name>ECanaMOTORegsFile</name>
         <uninitialized>true</uninitialized>
         <run_address>0x60c0</run_address>
         <size>0x40</size>
         <input_file_ref idref="fl-2e"/>
      </object_component>
      <object_component id="oc-118">
         <name>ECanbRegsFile</name>
         <uninitialized>true</uninitialized>
         <run_address>0x6200</run_address>
         <size>0x34</size>
         <input_file_ref idref="fl-2e"/>
      </object_component>
      <object_component id="oc-120">
         <name>ECanbLAMRegsFile</name>
         <uninitialized>true</uninitialized>
         <run_address>0x6240</run_address>
         <size>0x40</size>
         <input_file_ref idref="fl-2e"/>
      </object_component>
      <object_component id="oc-123">
         <name>ECanbMboxesFile</name>
         <uninitialized>true</uninitialized>
         <run_address>0x6300</run_address>
         <size>0x100</size>
         <input_file_ref idref="fl-2e"/>
      </object_component>
      <object_component id="oc-11a">
         <name>ECanbMOTSRegsFile</name>
         <uninitialized>true</uninitialized>
         <run_address>0x6280</run_address>
         <size>0x40</size>
         <input_file_ref idref="fl-2e"/>
      </object_component>
      <object_component id="oc-11d">
         <name>ECanbMOTORegsFile</name>
         <uninitialized>true</uninitialized>
         <run_address>0x62c0</run_address>
         <size>0x40</size>
         <input_file_ref idref="fl-2e"/>
      </object_component>
      <object_component id="oc-112">
         <name>EPwm1RegsFile</name>
         <uninitialized>true</uninitialized>
         <run_address>0x6800</run_address>
         <size>0x22</size>
         <input_file_ref idref="fl-2e"/>
      </object_component>
      <object_component id="oc-10d">
         <name>EPwm2RegsFile</name>
         <uninitialized>true</uninitialized>
         <run_address>0x6840</run_address>
         <size>0x22</size>
         <input_file_ref idref="fl-2e"/>
      </object_component>
      <object_component id="oc-10e">
         <name>EPwm3RegsFile</name>
         <uninitialized>true</uninitialized>
         <run_address>0x6880</run_address>
         <size>0x22</size>
         <input_file_ref idref="fl-2e"/>
      </object_component>
      <object_component id="oc-113">
         <name>EPwm4RegsFile</name>
         <uninitialized>true</uninitialized>
         <run_address>0x68c0</run_address>
         <size>0x22</size>
         <input_file_ref idref="fl-2e"/>
      </object_component>
      <object_component id="oc-110">
         <name>EPwm5RegsFile</name>
         <uninitialized>true</uninitialized>
         <run_address>0x6900</run_address>
         <size>0x22</size>
         <input_file_ref idref="fl-2e"/>
      </object_component>
      <object_component id="oc-111">
         <name>EPwm6RegsFile</name>
         <uninitialized>true</uninitialized>
         <run_address>0x6940</run_address>
         <size>0x22</size>
         <input_file_ref idref="fl-2e"/>
      </object_component>
      <object_component id="oc-107">
         <name>ECap1RegsFile</name>
         <uninitialized>true</uninitialized>
         <run_address>0x6a00</run_address>
         <size>0x20</size>
         <input_file_ref idref="fl-2e"/>
      </object_component>
      <object_component id="oc-108">
         <name>ECap2RegsFile</name>
         <uninitialized>true</uninitialized>
         <run_address>0x6a20</run_address>
         <size>0x20</size>
         <input_file_ref idref="fl-2e"/>
      </object_component>
      <object_component id="oc-105">
         <name>ECap3RegsFile</name>
         <uninitialized>true</uninitialized>
         <run_address>0x6a40</run_address>
         <size>0x20</size>
         <input_file_ref idref="fl-2e"/>
      </object_component>
      <object_component id="oc-106">
         <name>ECap4RegsFile</name>
         <uninitialized>true</uninitialized>
         <run_address>0x6a60</run_address>
         <size>0x20</size>
         <input_file_ref idref="fl-2e"/>
      </object_component>
      <object_component id="oc-10b">
         <name>ECap5RegsFile</name>
         <uninitialized>true</uninitialized>
         <run_address>0x6a80</run_address>
         <size>0x20</size>
         <input_file_ref idref="fl-2e"/>
      </object_component>
      <object_component id="oc-10c">
         <name>ECap6RegsFile</name>
         <uninitialized>true</uninitialized>
         <run_address>0x6aa0</run_address>
         <size>0x20</size>
         <input_file_ref idref="fl-2e"/>
      </object_component>
      <object_component id="oc-11e">
         <name>EQep1RegsFile</name>
         <uninitialized>true</uninitialized>
         <run_address>0x6b00</run_address>
         <size>0x40</size>
         <input_file_ref idref="fl-2e"/>
      </object_component>
      <object_component id="oc-11f">
         <name>EQep2RegsFile</name>
         <uninitialized>true</uninitialized>
         <run_address>0x6b40</run_address>
         <size>0x40</size>
         <input_file_ref idref="fl-2e"/>
      </object_component>
      <object_component id="oc-116">
         <name>GpioCtrlRegsFile</name>
         <uninitialized>true</uninitialized>
         <run_address>0x6f80</run_address>
         <size>0x2e</size>
         <input_file_ref idref="fl-2e"/>
      </object_component>
      <object_component id="oc-109">
         <name>GpioDataRegsFile</name>
         <uninitialized>true</uninitialized>
         <run_address>0x6fc0</run_address>
         <size>0x20</size>
         <input_file_ref idref="fl-2e"/>
      </object_component>
      <object_component id="oc-fa">
         <name>GpioIntRegsFile</name>
         <uninitialized>true</uninitialized>
         <run_address>0x6fe0</run_address>
         <size>0xa</size>
         <input_file_ref idref="fl-2e"/>
      </object_component>
      <object_component id="oc-10a">
         <name>SysCtrlRegsFile</name>
         <uninitialized>true</uninitialized>
         <run_address>0x7010</run_address>
         <size>0x20</size>
         <input_file_ref idref="fl-2e"/>
      </object_component>
      <object_component id="oc-fb">
         <name>SpiaRegsFile</name>
         <uninitialized>true</uninitialized>
         <run_address>0x7040</run_address>
         <size>0x10</size>
         <input_file_ref idref="fl-2e"/>
      </object_component>
      <object_component id="oc-fe">
         <name>SciaRegsFile</name>
         <uninitialized>true</uninitialized>
         <run_address>0x7050</run_address>
         <size>0x10</size>
         <input_file_ref idref="fl-2e"/>
      </object_component>
      <object_component id="oc-101">
         <name>XIntruptRegsFile</name>
         <uninitialized>true</uninitialized>
         <run_address>0x7070</run_address>
         <size>0x10</size>
         <input_file_ref idref="fl-2e"/>
      </object_component>
      <object_component id="oc-103">
         <name>AdcRegsFile</name>
         <uninitialized>true</uninitialized>
         <run_address>0x7100</run_address>
         <size>0x1e</size>
         <input_file_ref idref="fl-2e"/>
      </object_component>
      <object_component id="oc-fc">
         <name>ScibRegsFile</name>
         <uninitialized>true</uninitialized>
         <run_address>0x7750</run_address>
         <size>0x10</size>
         <input_file_ref idref="fl-2e"/>
      </object_component>
      <object_component id="oc-fd">
         <name>ScicRegsFile</name>
         <uninitialized>true</uninitialized>
         <run_address>0x7770</run_address>
         <size>0x10</size>
         <input_file_ref idref="fl-2e"/>
      </object_component>
      <object_component id="oc-10f">
         <name>I2caRegsFile</name>
         <uninitialized>true</uninitialized>
         <run_address>0x7900</run_address>
         <size>0x22</size>
         <input_file_ref idref="fl-2e"/>
      </object_component>
      <object_component id="oc-f6">
         <name>CsmPwlFile</name>
         <uninitialized>true</uninitialized>
         <run_address>0x33fff8</run_address>
         <size>0x8</size>
         <input_file_ref idref="fl-2e"/>
      </object_component>
      <object_component id="oc-7c">
         <name>.cinit</name>
         <load_address>0x332244</load_address>
         <run_address>0x332244</run_address>
         <size>0x133</size>
         <input_file_ref idref="fl-a"/>
      </object_component>
      <object_component id="oc-60">
         <name>.cinit</name>
         <load_address>0x332377</load_address>
         <run_address>0x332377</run_address>
         <size>0x33</size>
         <input_file_ref idref="fl-5"/>
      </object_component>
      <object_component id="oc-58">
         <name>.cinit</name>
         <load_address>0x3323aa</load_address>
         <run_address>0x3323aa</run_address>
         <size>0x14</size>
         <input_file_ref idref="fl-4"/>
      </object_component>
      <object_component id="oc-75">
         <name>.cinit</name>
         <load_address>0x3323be</load_address>
         <run_address>0x3323be</run_address>
         <size>0x10</size>
         <input_file_ref idref="fl-9"/>
      </object_component>
      <object_component id="oc-16f">
         <name>.cinit</name>
         <load_address>0x3323ce</load_address>
         <run_address>0x3323ce</run_address>
         <size>0xe</size>
         <input_file_ref idref="fl-4d"/>
      </object_component>
      <object_component id="oc-6e">
         <name>.cinit</name>
         <load_address>0x3323dc</load_address>
         <run_address>0x3323dc</run_address>
         <size>0xb</size>
         <input_file_ref idref="fl-8"/>
      </object_component>
      <object_component id="oc-18b">
         <name>.cinit:__lock</name>
         <load_address>0x3323e7</load_address>
         <run_address>0x3323e7</run_address>
         <size>0x5</size>
         <input_file_ref idref="fl-4e"/>
      </object_component>
      <object_component id="oc-191">
         <name>.cinit:__unlock</name>
         <load_address>0x3323ec</load_address>
         <run_address>0x3323ec</run_address>
         <size>0x5</size>
         <input_file_ref idref="fl-4e"/>
      </object_component>
      <object_component id="oc-18c">
         <name>.text</name>
         <load_address>0x331000</load_address>
         <run_address>0x331000</run_address>
         <size>0x623</size>
         <input_file_ref idref="fl-8"/>
      </object_component>
      <object_component id="oc-184">
         <name>.text</name>
         <load_address>0x331623</load_address>
         <run_address>0x331623</run_address>
         <size>0x3cf</size>
         <input_file_ref idref="fl-4"/>
      </object_component>
      <object_component id="oc-e4">
         <name>.text:retain</name>
         <load_address>0x3319f2</load_address>
         <run_address>0x3319f2</run_address>
         <size>0x316</size>
         <input_file_ref idref="fl-2b"/>
      </object_component>
      <object_component id="oc-192">
         <name>.text</name>
         <load_address>0x331d08</load_address>
         <run_address>0x331d08</run_address>
         <size>0x1bc</size>
         <input_file_ref idref="fl-7"/>
      </object_component>
      <object_component id="oc-187">
         <name>.text</name>
         <load_address>0x331ec4</load_address>
         <run_address>0x331ec4</run_address>
         <size>0xbd</size>
         <input_file_ref idref="fl-a"/>
      </object_component>
      <object_component id="oc-150">
         <name>.text</name>
         <load_address>0x331f81</load_address>
         <run_address>0x331f81</run_address>
         <size>0x88</size>
         <input_file_ref idref="fl-47"/>
      </object_component>
      <object_component id="oc-185">
         <name>.text</name>
         <load_address>0x332009</load_address>
         <run_address>0x332009</run_address>
         <size>0x80</size>
         <input_file_ref idref="fl-9"/>
      </object_component>
      <object_component id="oc-5a">
         <name>.text:retain</name>
         <load_address>0x332089</load_address>
         <run_address>0x332089</run_address>
         <size>0x5e</size>
         <input_file_ref idref="fl-4"/>
      </object_component>
      <object_component id="oc-4c">
         <name>.text</name>
         <load_address>0x3320e7</load_address>
         <run_address>0x3320e7</run_address>
         <size>0x56</size>
         <input_file_ref idref="fl-46"/>
      </object_component>
      <object_component id="oc-18d">
         <name>.text</name>
         <load_address>0x33213d</load_address>
         <run_address>0x33213d</run_address>
         <size>0x4b</size>
         <input_file_ref idref="fl-6"/>
      </object_component>
      <object_component id="oc-183">
         <name>.text</name>
         <load_address>0x332188</load_address>
         <run_address>0x332188</run_address>
         <size>0x29</size>
         <input_file_ref idref="fl-4d"/>
      </object_component>
      <object_component id="oc-180">
         <name>.text</name>
         <load_address>0x3321b1</load_address>
         <run_address>0x3321b1</run_address>
         <size>0x24</size>
         <input_file_ref idref="fl-49"/>
      </object_component>
      <object_component id="oc-155">
         <name>.text</name>
         <load_address>0x3321d5</load_address>
         <run_address>0x3321d5</run_address>
         <size>0x22</size>
         <input_file_ref idref="fl-48"/>
      </object_component>
      <object_component id="oc-188">
         <name>.text</name>
         <load_address>0x3321f7</load_address>
         <run_address>0x3321f7</run_address>
         <size>0x1e</size>
         <input_file_ref idref="fl-4a"/>
      </object_component>
      <object_component id="oc-182">
         <name>.text</name>
         <load_address>0x332215</load_address>
         <run_address>0x332215</run_address>
         <size>0x19</size>
         <input_file_ref idref="fl-4f"/>
      </object_component>
      <object_component id="oc-190">
         <name>.text</name>
         <load_address>0x33222e</load_address>
         <run_address>0x33222e</run_address>
         <size>0x9</size>
         <input_file_ref idref="fl-4e"/>
      </object_component>
      <object_component id="oc-d7">
         <name>.text</name>
         <load_address>0x332237</load_address>
         <run_address>0x332237</run_address>
         <size>0x8</size>
         <input_file_ref idref="fl-29"/>
      </object_component>
      <object_component id="oc-189">
         <name>.text</name>
         <load_address>0x33223f</load_address>
         <run_address>0x33223f</run_address>
         <size>0x2</size>
         <input_file_ref idref="fl-2"/>
      </object_component>
      <object_component id="oc-17f">
         <name>.text</name>
         <load_address>0x332241</load_address>
         <run_address>0x332241</run_address>
         <size>0x2</size>
         <input_file_ref idref="fl-4b"/>
      </object_component>
      <object_component id="oc-181">
         <name>.text</name>
         <load_address>0x332243</load_address>
         <run_address>0x332243</run_address>
         <size>0x1</size>
         <input_file_ref idref="fl-4c"/>
      </object_component>
      <object_component id="oc-d8">
         <name>codestart</name>
         <load_address>0x33fff6</load_address>
         <run_address>0x33fff6</run_address>
         <size>0x2</size>
         <input_file_ref idref="fl-29"/>
      </object_component>
      <object_component id="oc-145">
         <name>ramfuncs</name>
         <load_address>0x328000</load_address>
         <run_address>0x8000</run_address>
         <size>0x4</size>
         <input_file_ref idref="fl-35"/>
      </object_component>
      <object_component id="oc-14a">
         <name>.stack</name>
         <uninitialized>true</uninitialized>
         <run_address>0x400</run_address>
         <size>0x0</size>
         <input_file_ref idref="fl-46"/>
      </object_component>
      <object_component id="oc-1eb">
         <name>.stack</name>
         <uninitialized>true</uninitialized>
         <run_address>0x400</run_address>
         <size>0x0</size>
      </object_component>
      <object_component id="oc-59">
         <name>.ebss</name>
         <uninitialized>true</uninitialized>
         <run_address>0xc1b0</run_address>
         <size>0x5</size>
         <input_file_ref idref="fl-4"/>
      </object_component>
      <object_component id="oc-61">
         <name>.ebss</name>
         <uninitialized>true</uninitialized>
         <run_address>0xc140</run_address>
         <size>0x70</size>
         <input_file_ref idref="fl-5"/>
      </object_component>
      <object_component id="oc-6f">
         <name>.ebss</name>
         <uninitialized>true</uninitialized>
         <run_address>0xc1b5</run_address>
         <size>0x5</size>
         <input_file_ref idref="fl-8"/>
      </object_component>
      <object_component id="oc-76">
         <name>.ebss</name>
         <uninitialized>true</uninitialized>
         <run_address>0xc1ba</run_address>
         <size>0x4</size>
         <input_file_ref idref="fl-9"/>
      </object_component>
      <object_component id="oc-7d">
         <name>.ebss</name>
         <uninitialized>true</uninitialized>
         <run_address>0xc000</run_address>
         <size>0x13a</size>
         <input_file_ref idref="fl-a"/>
      </object_component>
      <object_component id="oc-de">
         <name>.ebss</name>
         <uninitialized>true</uninitialized>
         <run_address>0xc1c0</run_address>
         <size>0x18</size>
         <input_file_ref idref="fl-2a"/>
      </object_component>
      <object_component id="oc-170">
         <name>.ebss</name>
         <uninitialized>true</uninitialized>
         <run_address>0xc13a</run_address>
         <size>0x6</size>
         <input_file_ref idref="fl-4d"/>
      </object_component>
      <object_component id="oc-193">
         <name>.ebss:__unlock</name>
         <uninitialized>true</uninitialized>
         <run_address>0xc1d8</run_address>
         <size>0x2</size>
         <input_file_ref idref="fl-4e"/>
      </object_component>
      <object_component id="oc-18a">
         <name>.ebss:__lock</name>
         <uninitialized>true</uninitialized>
         <run_address>0xc1be</run_address>
         <size>0x2</size>
         <input_file_ref idref="fl-4e"/>
      </object_component>
      <object_component id="oc-186">
         <name>.econst:_TestMaster_objdict</name>
         <load_address>0x332430</load_address>
         <run_address>0x332430</run_address>
         <size>0x34</size>
         <input_file_ref idref="fl-a"/>
      </object_component>
      <object_component id="oc-7e">
         <name>.econst</name>
         <load_address>0x332464</load_address>
         <run_address>0x332464</run_address>
         <size>0x1</size>
         <input_file_ref idref="fl-a"/>
      </object_component>
      <object_component id="oc-18f">
         <name>.switch:_canReceiveDispatch</name>
         <load_address>0x3323f4</load_address>
         <run_address>0x3323f4</run_address>
         <size>0x1e</size>
         <input_file_ref idref="fl-9"/>
      </object_component>
      <object_component id="oc-18e">
         <name>.switch:_canSendDispatch</name>
         <load_address>0x332412</load_address>
         <run_address>0x332412</run_address>
         <size>0x1e</size>
         <input_file_ref idref="fl-9"/>
      </object_component>
      <object_component id="oc-14b">
         <name>.reset</name>
         <load_address>0x3fffc0</load_address>
         <run_address>0x3fffc0</run_address>
         <size>0x2</size>
         <input_file_ref idref="fl-46"/>
      </object_component>
      <object_component id="oc-d2">
         <name>.adc_cal</name>
         <load_address>0x380080</load_address>
         <run_address>0x380080</run_address>
         <size>0x7</size>
         <input_file_ref idref="fl-28"/>
      </object_component>
      <object_component id="oc-4d">
         <name>.debug_info</name>
         <load_address>0x0</load_address>
         <run_address>0x0</run_address>
         <size>0x3a4</size>
         <input_file_ref idref="fl-2"/>
      </object_component>
      <object_component id="oc-52">
         <name>.debug_info</name>
         <load_address>0x3a4</load_address>
         <run_address>0x3a4</run_address>
         <size>0xd9a</size>
         <input_file_ref idref="fl-3"/>
      </object_component>
      <object_component id="oc-57">
         <name>.debug_info</name>
         <load_address>0x113e</load_address>
         <run_address>0x113e</run_address>
         <size>0x9d1f</size>
         <input_file_ref idref="fl-4"/>
      </object_component>
      <object_component id="oc-5f">
         <name>.debug_info</name>
         <load_address>0xae5d</load_address>
         <run_address>0xae5d</run_address>
         <size>0x7e7</size>
         <input_file_ref idref="fl-5"/>
      </object_component>
      <object_component id="oc-63">
         <name>.debug_info</name>
         <load_address>0xb644</load_address>
         <run_address>0xb644</run_address>
         <size>0x1399</size>
         <input_file_ref idref="fl-6"/>
      </object_component>
      <object_component id="oc-68">
         <name>.debug_info</name>
         <load_address>0xc9dd</load_address>
         <run_address>0xc9dd</run_address>
         <size>0x1ba5</size>
         <input_file_ref idref="fl-7"/>
      </object_component>
      <object_component id="oc-6d">
         <name>.debug_info</name>
         <load_address>0xe582</load_address>
         <run_address>0xe582</run_address>
         <size>0x38cd</size>
         <input_file_ref idref="fl-8"/>
      </object_component>
      <object_component id="oc-74">
         <name>.debug_info</name>
         <load_address>0x11e4f</load_address>
         <run_address>0x11e4f</run_address>
         <size>0x1461</size>
         <input_file_ref idref="fl-9"/>
      </object_component>
      <object_component id="oc-7b">
         <name>.debug_info</name>
         <load_address>0x132b0</load_address>
         <run_address>0x132b0</run_address>
         <size>0x2400</size>
         <input_file_ref idref="fl-a"/>
      </object_component>
      <object_component id="oc-83">
         <name>.debug_info</name>
         <load_address>0x156b0</load_address>
         <run_address>0x156b0</run_address>
         <size>0x41f</size>
         <input_file_ref idref="fl-b"/>
      </object_component>
      <object_component id="oc-88">
         <name>.debug_info</name>
         <load_address>0x15acf</load_address>
         <run_address>0x15acf</run_address>
         <size>0x3e9</size>
         <input_file_ref idref="fl-c"/>
      </object_component>
      <object_component id="oc-8d">
         <name>.debug_info</name>
         <load_address>0x15eb8</load_address>
         <run_address>0x15eb8</run_address>
         <size>0x1cb</size>
         <input_file_ref idref="fl-d"/>
      </object_component>
      <object_component id="oc-8f">
         <name>.debug_info</name>
         <load_address>0x16083</load_address>
         <run_address>0x16083</run_address>
         <size>0x1dd</size>
         <input_file_ref idref="fl-e"/>
      </object_component>
      <object_component id="oc-91">
         <name>.debug_info</name>
         <load_address>0x16260</load_address>
         <run_address>0x16260</run_address>
         <size>0x1cd</size>
         <input_file_ref idref="fl-f"/>
      </object_component>
      <object_component id="oc-93">
         <name>.debug_info</name>
         <load_address>0x1642d</load_address>
         <run_address>0x1642d</run_address>
         <size>0x587</size>
         <input_file_ref idref="fl-10"/>
      </object_component>
      <object_component id="oc-98">
         <name>.debug_info</name>
         <load_address>0x169b4</load_address>
         <run_address>0x169b4</run_address>
         <size>0x1df</size>
         <input_file_ref idref="fl-11"/>
      </object_component>
      <object_component id="oc-9a">
         <name>.debug_info</name>
         <load_address>0x16b93</load_address>
         <run_address>0x16b93</run_address>
         <size>0x1cd</size>
         <input_file_ref idref="fl-12"/>
      </object_component>
      <object_component id="oc-9c">
         <name>.debug_info</name>
         <load_address>0x16d60</load_address>
         <run_address>0x16d60</run_address>
         <size>0x1df</size>
         <input_file_ref idref="fl-13"/>
      </object_component>
      <object_component id="oc-9e">
         <name>.debug_info</name>
         <load_address>0x16f3f</load_address>
         <run_address>0x16f3f</run_address>
         <size>0x1d3</size>
         <input_file_ref idref="fl-14"/>
      </object_component>
      <object_component id="oc-a0">
         <name>.debug_info</name>
         <load_address>0x17112</load_address>
         <run_address>0x17112</run_address>
         <size>0x1e7</size>
         <input_file_ref idref="fl-15"/>
      </object_component>
      <object_component id="oc-a2">
         <name>.debug_info</name>
         <load_address>0x172f9</load_address>
         <run_address>0x172f9</run_address>
         <size>0x1dd</size>
         <input_file_ref idref="fl-16"/>
      </object_component>
      <object_component id="oc-a4">
         <name>.debug_info</name>
         <load_address>0x174d6</load_address>
         <run_address>0x174d6</run_address>
         <size>0x1ef</size>
         <input_file_ref idref="fl-17"/>
      </object_component>
      <object_component id="oc-a6">
         <name>.debug_info</name>
         <load_address>0x176c5</load_address>
         <run_address>0x176c5</run_address>
         <size>0x1d1</size>
         <input_file_ref idref="fl-18"/>
      </object_component>
      <object_component id="oc-a8">
         <name>.debug_info</name>
         <load_address>0x17896</load_address>
         <run_address>0x17896</run_address>
         <size>0x1e4</size>
         <input_file_ref idref="fl-19"/>
      </object_component>
      <object_component id="oc-aa">
         <name>.debug_info</name>
         <load_address>0x17a7a</load_address>
         <run_address>0x17a7a</run_address>
         <size>0x1cf</size>
         <input_file_ref idref="fl-1a"/>
      </object_component>
      <object_component id="oc-ac">
         <name>.debug_info</name>
         <load_address>0x17c49</load_address>
         <run_address>0x17c49</run_address>
         <size>0x1e1</size>
         <input_file_ref idref="fl-1b"/>
      </object_component>
      <object_component id="oc-ae">
         <name>.debug_info</name>
         <load_address>0x17e2a</load_address>
         <run_address>0x17e2a</run_address>
         <size>0x1cd</size>
         <input_file_ref idref="fl-1c"/>
      </object_component>
      <object_component id="oc-b0">
         <name>.debug_info</name>
         <load_address>0x17ff7</load_address>
         <run_address>0x17ff7</run_address>
         <size>0x1df</size>
         <input_file_ref idref="fl-1d"/>
      </object_component>
      <object_component id="oc-b2">
         <name>.debug_info</name>
         <load_address>0x181d6</load_address>
         <run_address>0x181d6</run_address>
         <size>0x1cd</size>
         <input_file_ref idref="fl-1e"/>
      </object_component>
      <object_component id="oc-b4">
         <name>.debug_info</name>
         <load_address>0x183a3</load_address>
         <run_address>0x183a3</run_address>
         <size>0x1df</size>
         <input_file_ref idref="fl-1f"/>
      </object_component>
      <object_component id="oc-b6">
         <name>.debug_info</name>
         <load_address>0x18582</load_address>
         <run_address>0x18582</run_address>
         <size>0x1db</size>
         <input_file_ref idref="fl-20"/>
      </object_component>
      <object_component id="oc-b8">
         <name>.debug_info</name>
         <load_address>0x1875d</load_address>
         <run_address>0x1875d</run_address>
         <size>0x1e0</size>
         <input_file_ref idref="fl-21"/>
      </object_component>
      <object_component id="oc-ba">
         <name>.debug_info</name>
         <load_address>0x1893d</load_address>
         <run_address>0x1893d</run_address>
         <size>0x1d1</size>
         <input_file_ref idref="fl-22"/>
      </object_component>
      <object_component id="oc-bc">
         <name>.debug_info</name>
         <load_address>0x18b0e</load_address>
         <run_address>0x18b0e</run_address>
         <size>0x1e3</size>
         <input_file_ref idref="fl-23"/>
      </object_component>
      <object_component id="oc-be">
         <name>.debug_info</name>
         <load_address>0x18cf1</load_address>
         <run_address>0x18cf1</run_address>
         <size>0xb29</size>
         <input_file_ref idref="fl-24"/>
      </object_component>
      <object_component id="oc-c3">
         <name>.debug_info</name>
         <load_address>0x1981a</load_address>
         <run_address>0x1981a</run_address>
         <size>0xa89</size>
         <input_file_ref idref="fl-25"/>
      </object_component>
      <object_component id="oc-c8">
         <name>.debug_info</name>
         <load_address>0x1a2a3</load_address>
         <run_address>0x1a2a3</run_address>
         <size>0xaeb</size>
         <input_file_ref idref="fl-26"/>
      </object_component>
      <object_component id="oc-cd">
         <name>.debug_info</name>
         <load_address>0x1ad8e</load_address>
         <run_address>0x1ad8e</run_address>
         <size>0x3aa</size>
         <input_file_ref idref="fl-27"/>
      </object_component>
      <object_component id="oc-d3">
         <name>.debug_info</name>
         <load_address>0x1b138</load_address>
         <run_address>0x1b138</run_address>
         <size>0x110</size>
         <input_file_ref idref="fl-28"/>
      </object_component>
      <object_component id="oc-d9">
         <name>.debug_info</name>
         <load_address>0x1b248</load_address>
         <run_address>0x1b248</run_address>
         <size>0x14e</size>
         <input_file_ref idref="fl-29"/>
      </object_component>
      <object_component id="oc-dd">
         <name>.debug_info</name>
         <load_address>0x1b396</load_address>
         <run_address>0x1b396</run_address>
         <size>0x85e</size>
         <input_file_ref idref="fl-2a"/>
      </object_component>
      <object_component id="oc-e3">
         <name>.debug_info</name>
         <load_address>0x1bbf4</load_address>
         <run_address>0x1bbf4</run_address>
         <size>0x247b</size>
         <input_file_ref idref="fl-2b"/>
      </object_component>
      <object_component id="oc-e9">
         <name>.debug_info</name>
         <load_address>0x1e06f</load_address>
         <run_address>0x1e06f</run_address>
         <size>0x5db4</size>
         <input_file_ref idref="fl-2c"/>
      </object_component>
      <object_component id="oc-ee">
         <name>.debug_info</name>
         <load_address>0x23e23</load_address>
         <run_address>0x23e23</run_address>
         <size>0x1bc2</size>
         <input_file_ref idref="fl-2d"/>
      </object_component>
      <object_component id="oc-f3">
         <name>.debug_info</name>
         <load_address>0x259e5</load_address>
         <run_address>0x259e5</run_address>
         <size>0x133bf</size>
         <input_file_ref idref="fl-2e"/>
      </object_component>
      <object_component id="oc-127">
         <name>.debug_info</name>
         <load_address>0x38da4</load_address>
         <run_address>0x38da4</run_address>
         <size>0x1bc2</size>
         <input_file_ref idref="fl-2f"/>
      </object_component>
      <object_component id="oc-12c">
         <name>.debug_info</name>
         <load_address>0x3a966</load_address>
         <run_address>0x3a966</run_address>
         <size>0xa9e</size>
         <input_file_ref idref="fl-30"/>
      </object_component>
      <object_component id="oc-131">
         <name>.debug_info</name>
         <load_address>0x3b404</load_address>
         <run_address>0x3b404</run_address>
         <size>0x2209</size>
         <input_file_ref idref="fl-31"/>
      </object_component>
      <object_component id="oc-136">
         <name>.debug_info</name>
         <load_address>0x3d60d</load_address>
         <run_address>0x3d60d</run_address>
         <size>0x1bc1</size>
         <input_file_ref idref="fl-32"/>
      </object_component>
      <object_component id="oc-13b">
         <name>.debug_info</name>
         <load_address>0x3f1ce</load_address>
         <run_address>0x3f1ce</run_address>
         <size>0x1d1a</size>
         <input_file_ref idref="fl-33"/>
      </object_component>
      <object_component id="oc-140">
         <name>.debug_info</name>
         <load_address>0x40ee8</load_address>
         <run_address>0x40ee8</run_address>
         <size>0x212c</size>
         <input_file_ref idref="fl-34"/>
      </object_component>
      <object_component id="oc-146">
         <name>.debug_info</name>
         <load_address>0x43014</load_address>
         <run_address>0x43014</run_address>
         <size>0x110</size>
         <input_file_ref idref="fl-35"/>
      </object_component>
      <object_component id="oc-14c">
         <name>.debug_info</name>
         <load_address>0x43124</load_address>
         <run_address>0x43124</run_address>
         <size>0x16b</size>
         <input_file_ref idref="fl-46"/>
      </object_component>
      <object_component id="oc-151">
         <name>.debug_info</name>
         <load_address>0x4328f</load_address>
         <run_address>0x4328f</run_address>
         <size>0x10c</size>
         <input_file_ref idref="fl-47"/>
      </object_component>
      <object_component id="oc-156">
         <name>.debug_info</name>
         <load_address>0x4339b</load_address>
         <run_address>0x4339b</run_address>
         <size>0x139</size>
         <input_file_ref idref="fl-48"/>
      </object_component>
      <object_component id="oc-15a">
         <name>.debug_info</name>
         <load_address>0x434d4</load_address>
         <run_address>0x434d4</run_address>
         <size>0x574</size>
         <input_file_ref idref="fl-49"/>
      </object_component>
      <object_component id="oc-15f">
         <name>.debug_info</name>
         <load_address>0x43a48</load_address>
         <run_address>0x43a48</run_address>
         <size>0x46f</size>
         <input_file_ref idref="fl-4a"/>
      </object_component>
      <object_component id="oc-164">
         <name>.debug_info</name>
         <load_address>0x43eb7</load_address>
         <run_address>0x43eb7</run_address>
         <size>0x3e2</size>
         <input_file_ref idref="fl-4b"/>
      </object_component>
      <object_component id="oc-169">
         <name>.debug_info</name>
         <load_address>0x44299</load_address>
         <run_address>0x44299</run_address>
         <size>0x3df</size>
         <input_file_ref idref="fl-4c"/>
      </object_component>
      <object_component id="oc-16e">
         <name>.debug_info</name>
         <load_address>0x44678</load_address>
         <run_address>0x44678</run_address>
         <size>0x579</size>
         <input_file_ref idref="fl-4d"/>
      </object_component>
      <object_component id="oc-175">
         <name>.debug_info</name>
         <load_address>0x44bf1</load_address>
         <run_address>0x44bf1</run_address>
         <size>0x501</size>
         <input_file_ref idref="fl-4e"/>
      </object_component>
      <object_component id="oc-17a">
         <name>.debug_info</name>
         <load_address>0x450f2</load_address>
         <run_address>0x450f2</run_address>
         <size>0x49c</size>
         <input_file_ref idref="fl-4f"/>
      </object_component>
      <object_component id="oc-1ec">
         <name>.debug_info</name>
         <load_address>0x4558e</load_address>
         <run_address>0x4558e</run_address>
         <size>0xbb</size>
      </object_component>
      <object_component id="oc-4e">
         <name>.debug_frame</name>
         <load_address>0x0</load_address>
         <run_address>0x0</run_address>
         <size>0x48</size>
         <input_file_ref idref="fl-2"/>
      </object_component>
      <object_component id="oc-53">
         <name>.debug_frame</name>
         <load_address>0x48</load_address>
         <run_address>0x48</run_address>
         <size>0x30</size>
         <input_file_ref idref="fl-3"/>
      </object_component>
      <object_component id="oc-5b">
         <name>.debug_frame</name>
         <load_address>0x78</load_address>
         <run_address>0x78</run_address>
         <size>0x1f4</size>
         <input_file_ref idref="fl-4"/>
      </object_component>
      <object_component id="oc-64">
         <name>.debug_frame</name>
         <load_address>0x26c</load_address>
         <run_address>0x26c</run_address>
         <size>0xa0</size>
         <input_file_ref idref="fl-6"/>
      </object_component>
      <object_component id="oc-69">
         <name>.debug_frame</name>
         <load_address>0x30c</load_address>
         <run_address>0x30c</run_address>
         <size>0xd8</size>
         <input_file_ref idref="fl-7"/>
      </object_component>
      <object_component id="oc-70">
         <name>.debug_frame</name>
         <load_address>0x3e4</load_address>
         <run_address>0x3e4</run_address>
         <size>0x280</size>
         <input_file_ref idref="fl-8"/>
      </object_component>
      <object_component id="oc-77">
         <name>.debug_frame</name>
         <load_address>0x664</load_address>
         <run_address>0x664</run_address>
         <size>0xa0</size>
         <input_file_ref idref="fl-9"/>
      </object_component>
      <object_component id="oc-7f">
         <name>.debug_frame</name>
         <load_address>0x704</load_address>
         <run_address>0x704</run_address>
         <size>0xa0</size>
         <input_file_ref idref="fl-a"/>
      </object_component>
      <object_component id="oc-84">
         <name>.debug_frame</name>
         <load_address>0x7a4</load_address>
         <run_address>0x7a4</run_address>
         <size>0x30</size>
         <input_file_ref idref="fl-b"/>
      </object_component>
      <object_component id="oc-89">
         <name>.debug_frame</name>
         <load_address>0x7d4</load_address>
         <run_address>0x7d4</run_address>
         <size>0x30</size>
         <input_file_ref idref="fl-c"/>
      </object_component>
      <object_component id="oc-94">
         <name>.debug_frame</name>
         <load_address>0x804</load_address>
         <run_address>0x804</run_address>
         <size>0x30</size>
         <input_file_ref idref="fl-10"/>
      </object_component>
      <object_component id="oc-bf">
         <name>.debug_frame</name>
         <load_address>0x834</load_address>
         <run_address>0x834</run_address>
         <size>0x30</size>
         <input_file_ref idref="fl-24"/>
      </object_component>
      <object_component id="oc-c4">
         <name>.debug_frame</name>
         <load_address>0x864</load_address>
         <run_address>0x864</run_address>
         <size>0x30</size>
         <input_file_ref idref="fl-25"/>
      </object_component>
      <object_component id="oc-c9">
         <name>.debug_frame</name>
         <load_address>0x894</load_address>
         <run_address>0x894</run_address>
         <size>0x30</size>
         <input_file_ref idref="fl-26"/>
      </object_component>
      <object_component id="oc-ce">
         <name>.debug_frame</name>
         <load_address>0x8c4</load_address>
         <run_address>0x8c4</run_address>
         <size>0x30</size>
         <input_file_ref idref="fl-27"/>
      </object_component>
      <object_component id="oc-df">
         <name>.debug_frame</name>
         <load_address>0x8f4</load_address>
         <run_address>0x8f4</run_address>
         <size>0x30</size>
         <input_file_ref idref="fl-2a"/>
      </object_component>
      <object_component id="oc-e5">
         <name>.debug_frame</name>
         <load_address>0x924</load_address>
         <run_address>0x924</run_address>
         <size>0xc88</size>
         <input_file_ref idref="fl-2b"/>
      </object_component>
      <object_component id="oc-ea">
         <name>.debug_frame</name>
         <load_address>0x15ac</load_address>
         <run_address>0x15ac</run_address>
         <size>0x30</size>
         <input_file_ref idref="fl-2c"/>
      </object_component>
      <object_component id="oc-ef">
         <name>.debug_frame</name>
         <load_address>0x15dc</load_address>
         <run_address>0x15dc</run_address>
         <size>0x30</size>
         <input_file_ref idref="fl-2d"/>
      </object_component>
      <object_component id="oc-128">
         <name>.debug_frame</name>
         <load_address>0x160c</load_address>
         <run_address>0x160c</run_address>
         <size>0x30</size>
         <input_file_ref idref="fl-2f"/>
      </object_component>
      <object_component id="oc-12d">
         <name>.debug_frame</name>
         <load_address>0x163c</load_address>
         <run_address>0x163c</run_address>
         <size>0x30</size>
         <input_file_ref idref="fl-30"/>
      </object_component>
      <object_component id="oc-132">
         <name>.debug_frame</name>
         <load_address>0x166c</load_address>
         <run_address>0x166c</run_address>
         <size>0x30</size>
         <input_file_ref idref="fl-31"/>
      </object_component>
      <object_component id="oc-137">
         <name>.debug_frame</name>
         <load_address>0x169c</load_address>
         <run_address>0x169c</run_address>
         <size>0x30</size>
         <input_file_ref idref="fl-32"/>
      </object_component>
      <object_component id="oc-13c">
         <name>.debug_frame</name>
         <load_address>0x16cc</load_address>
         <run_address>0x16cc</run_address>
         <size>0x30</size>
         <input_file_ref idref="fl-33"/>
      </object_component>
      <object_component id="oc-141">
         <name>.debug_frame</name>
         <load_address>0x16fc</load_address>
         <run_address>0x16fc</run_address>
         <size>0x30</size>
         <input_file_ref idref="fl-34"/>
      </object_component>
      <object_component id="oc-15b">
         <name>.debug_frame</name>
         <load_address>0x172c</load_address>
         <run_address>0x172c</run_address>
         <size>0x68</size>
         <input_file_ref idref="fl-49"/>
      </object_component>
      <object_component id="oc-160">
         <name>.debug_frame</name>
         <load_address>0x1794</load_address>
         <run_address>0x1794</run_address>
         <size>0x48</size>
         <input_file_ref idref="fl-4a"/>
      </object_component>
      <object_component id="oc-165">
         <name>.debug_frame</name>
         <load_address>0x17dc</load_address>
         <run_address>0x17dc</run_address>
         <size>0x48</size>
         <input_file_ref idref="fl-4b"/>
      </object_component>
      <object_component id="oc-16a">
         <name>.debug_frame</name>
         <load_address>0x1824</load_address>
         <run_address>0x1824</run_address>
         <size>0x48</size>
         <input_file_ref idref="fl-4c"/>
      </object_component>
      <object_component id="oc-171">
         <name>.debug_frame</name>
         <load_address>0x186c</load_address>
         <run_address>0x186c</run_address>
         <size>0x68</size>
         <input_file_ref idref="fl-4d"/>
      </object_component>
      <object_component id="oc-176">
         <name>.debug_frame</name>
         <load_address>0x18d4</load_address>
         <run_address>0x18d4</run_address>
         <size>0x78</size>
         <input_file_ref idref="fl-4e"/>
      </object_component>
      <object_component id="oc-17b">
         <name>.debug_frame</name>
         <load_address>0x194c</load_address>
         <run_address>0x194c</run_address>
         <size>0x48</size>
         <input_file_ref idref="fl-4f"/>
      </object_component>
      <object_component id="oc-4f">
         <name>.debug_line</name>
         <load_address>0x0</load_address>
         <run_address>0x0</run_address>
         <size>0x40</size>
         <input_file_ref idref="fl-2"/>
      </object_component>
      <object_component id="oc-54">
         <name>.debug_line</name>
         <load_address>0x40</load_address>
         <run_address>0x40</run_address>
         <size>0xc9</size>
         <input_file_ref idref="fl-3"/>
      </object_component>
      <object_component id="oc-5c">
         <name>.debug_line</name>
         <load_address>0x109</load_address>
         <run_address>0x109</run_address>
         <size>0x446</size>
         <input_file_ref idref="fl-4"/>
      </object_component>
      <object_component id="oc-65">
         <name>.debug_line</name>
         <load_address>0x54f</load_address>
         <run_address>0x54f</run_address>
         <size>0x131</size>
         <input_file_ref idref="fl-6"/>
      </object_component>
      <object_component id="oc-6a">
         <name>.debug_line</name>
         <load_address>0x680</load_address>
         <run_address>0x680</run_address>
         <size>0x214</size>
         <input_file_ref idref="fl-7"/>
      </object_component>
      <object_component id="oc-71">
         <name>.debug_line</name>
         <load_address>0x894</load_address>
         <run_address>0x894</run_address>
         <size>0x5a1</size>
         <input_file_ref idref="fl-8"/>
      </object_component>
      <object_component id="oc-78">
         <name>.debug_line</name>
         <load_address>0xe35</load_address>
         <run_address>0xe35</run_address>
         <size>0x15a</size>
         <input_file_ref idref="fl-9"/>
      </object_component>
      <object_component id="oc-80">
         <name>.debug_line</name>
         <load_address>0xf8f</load_address>
         <run_address>0xf8f</run_address>
         <size>0x185</size>
         <input_file_ref idref="fl-a"/>
      </object_component>
      <object_component id="oc-85">
         <name>.debug_line</name>
         <load_address>0x1114</load_address>
         <run_address>0x1114</run_address>
         <size>0xdc</size>
         <input_file_ref idref="fl-b"/>
      </object_component>
      <object_component id="oc-8a">
         <name>.debug_line</name>
         <load_address>0x11f0</load_address>
         <run_address>0x11f0</run_address>
         <size>0xa6</size>
         <input_file_ref idref="fl-c"/>
      </object_component>
      <object_component id="oc-95">
         <name>.debug_line</name>
         <load_address>0x1296</load_address>
         <run_address>0x1296</run_address>
         <size>0x7a</size>
         <input_file_ref idref="fl-10"/>
      </object_component>
      <object_component id="oc-c0">
         <name>.debug_line</name>
         <load_address>0x1310</load_address>
         <run_address>0x1310</run_address>
         <size>0x63</size>
         <input_file_ref idref="fl-24"/>
      </object_component>
      <object_component id="oc-c5">
         <name>.debug_line</name>
         <load_address>0x1373</load_address>
         <run_address>0x1373</run_address>
         <size>0x63</size>
         <input_file_ref idref="fl-25"/>
      </object_component>
      <object_component id="oc-ca">
         <name>.debug_line</name>
         <load_address>0x13d6</load_address>
         <run_address>0x13d6</run_address>
         <size>0x5b</size>
         <input_file_ref idref="fl-26"/>
      </object_component>
      <object_component id="oc-cf">
         <name>.debug_line</name>
         <load_address>0x1431</load_address>
         <run_address>0x1431</run_address>
         <size>0x55</size>
         <input_file_ref idref="fl-27"/>
      </object_component>
      <object_component id="oc-d4">
         <name>.debug_line</name>
         <load_address>0x1486</load_address>
         <run_address>0x1486</run_address>
         <size>0x50</size>
         <input_file_ref idref="fl-28"/>
      </object_component>
      <object_component id="oc-da">
         <name>.debug_line</name>
         <load_address>0x14d6</load_address>
         <run_address>0x14d6</run_address>
         <size>0x68</size>
         <input_file_ref idref="fl-29"/>
      </object_component>
      <object_component id="oc-e0">
         <name>.debug_line</name>
         <load_address>0x153e</load_address>
         <run_address>0x153e</run_address>
         <size>0x3f</size>
         <input_file_ref idref="fl-2a"/>
      </object_component>
      <object_component id="oc-e6">
         <name>.debug_line</name>
         <load_address>0x157d</load_address>
         <run_address>0x157d</run_address>
         <size>0x755</size>
         <input_file_ref idref="fl-2b"/>
      </object_component>
      <object_component id="oc-eb">
         <name>.debug_line</name>
         <load_address>0x1cd2</load_address>
         <run_address>0x1cd2</run_address>
         <size>0x3a</size>
         <input_file_ref idref="fl-2c"/>
      </object_component>
      <object_component id="oc-f0">
         <name>.debug_line</name>
         <load_address>0x1d0c</load_address>
         <run_address>0x1d0c</run_address>
         <size>0x3a</size>
         <input_file_ref idref="fl-2d"/>
      </object_component>
      <object_component id="oc-129">
         <name>.debug_line</name>
         <load_address>0x1d46</load_address>
         <run_address>0x1d46</run_address>
         <size>0x3a</size>
         <input_file_ref idref="fl-2f"/>
      </object_component>
      <object_component id="oc-12e">
         <name>.debug_line</name>
         <load_address>0x1d80</load_address>
         <run_address>0x1d80</run_address>
         <size>0x3d</size>
         <input_file_ref idref="fl-30"/>
      </object_component>
      <object_component id="oc-133">
         <name>.debug_line</name>
         <load_address>0x1dbd</load_address>
         <run_address>0x1dbd</run_address>
         <size>0x3d</size>
         <input_file_ref idref="fl-31"/>
      </object_component>
      <object_component id="oc-138">
         <name>.debug_line</name>
         <load_address>0x1dfa</load_address>
         <run_address>0x1dfa</run_address>
         <size>0x39</size>
         <input_file_ref idref="fl-32"/>
      </object_component>
      <object_component id="oc-13d">
         <name>.debug_line</name>
         <load_address>0x1e33</load_address>
         <run_address>0x1e33</run_address>
         <size>0x3d</size>
         <input_file_ref idref="fl-33"/>
      </object_component>
      <object_component id="oc-142">
         <name>.debug_line</name>
         <load_address>0x1e70</load_address>
         <run_address>0x1e70</run_address>
         <size>0x3b</size>
         <input_file_ref idref="fl-34"/>
      </object_component>
      <object_component id="oc-147">
         <name>.debug_line</name>
         <load_address>0x1eab</load_address>
         <run_address>0x1eab</run_address>
         <size>0x4f</size>
         <input_file_ref idref="fl-35"/>
      </object_component>
      <object_component id="oc-14d">
         <name>.debug_line</name>
         <load_address>0x1efa</load_address>
         <run_address>0x1efa</run_address>
         <size>0x7e</size>
         <input_file_ref idref="fl-46"/>
      </object_component>
      <object_component id="oc-152">
         <name>.debug_line</name>
         <load_address>0x1f78</load_address>
         <run_address>0x1f78</run_address>
         <size>0xad</size>
         <input_file_ref idref="fl-47"/>
      </object_component>
      <object_component id="oc-157">
         <name>.debug_line</name>
         <load_address>0x2025</load_address>
         <run_address>0x2025</run_address>
         <size>0x69</size>
         <input_file_ref idref="fl-48"/>
      </object_component>
      <object_component id="oc-15c">
         <name>.debug_line</name>
         <load_address>0x208e</load_address>
         <run_address>0x208e</run_address>
         <size>0x50</size>
         <input_file_ref idref="fl-49"/>
      </object_component>
      <object_component id="oc-161">
         <name>.debug_line</name>
         <load_address>0x20de</load_address>
         <run_address>0x20de</run_address>
         <size>0x62</size>
         <input_file_ref idref="fl-4a"/>
      </object_component>
      <object_component id="oc-166">
         <name>.debug_line</name>
         <load_address>0x2140</load_address>
         <run_address>0x2140</run_address>
         <size>0x3e</size>
         <input_file_ref idref="fl-4b"/>
      </object_component>
      <object_component id="oc-16b">
         <name>.debug_line</name>
         <load_address>0x217e</load_address>
         <run_address>0x217e</run_address>
         <size>0x3a</size>
         <input_file_ref idref="fl-4c"/>
      </object_component>
      <object_component id="oc-172">
         <name>.debug_line</name>
         <load_address>0x21b8</load_address>
         <run_address>0x21b8</run_address>
         <size>0x65</size>
         <input_file_ref idref="fl-4d"/>
      </object_component>
      <object_component id="oc-177">
         <name>.debug_line</name>
         <load_address>0x221d</load_address>
         <run_address>0x221d</run_address>
         <size>0x5e</size>
         <input_file_ref idref="fl-4e"/>
      </object_component>
      <object_component id="oc-17c">
         <name>.debug_line</name>
         <load_address>0x227b</load_address>
         <run_address>0x227b</run_address>
         <size>0x55</size>
         <input_file_ref idref="fl-4f"/>
      </object_component>
      <object_component id="oc-50">
         <name>.debug_abbrev</name>
         <load_address>0x0</load_address>
         <run_address>0x0</run_address>
         <size>0x65</size>
         <input_file_ref idref="fl-2"/>
      </object_component>
      <object_component id="oc-55">
         <name>.debug_abbrev</name>
         <load_address>0x65</load_address>
         <run_address>0x65</run_address>
         <size>0x1f8</size>
         <input_file_ref idref="fl-3"/>
      </object_component>
      <object_component id="oc-5d">
         <name>.debug_abbrev</name>
         <load_address>0x25d</load_address>
         <run_address>0x25d</run_address>
         <size>0x23e</size>
         <input_file_ref idref="fl-4"/>
      </object_component>
      <object_component id="oc-62">
         <name>.debug_abbrev</name>
         <load_address>0x49b</load_address>
         <run_address>0x49b</run_address>
         <size>0x62</size>
         <input_file_ref idref="fl-5"/>
      </object_component>
      <object_component id="oc-66">
         <name>.debug_abbrev</name>
         <load_address>0x4fd</load_address>
         <run_address>0x4fd</run_address>
         <size>0x12c</size>
         <input_file_ref idref="fl-6"/>
      </object_component>
      <object_component id="oc-6b">
         <name>.debug_abbrev</name>
         <load_address>0x629</load_address>
         <run_address>0x629</run_address>
         <size>0x134</size>
         <input_file_ref idref="fl-7"/>
      </object_component>
      <object_component id="oc-72">
         <name>.debug_abbrev</name>
         <load_address>0x75d</load_address>
         <run_address>0x75d</run_address>
         <size>0x1f2</size>
         <input_file_ref idref="fl-8"/>
      </object_component>
      <object_component id="oc-79">
         <name>.debug_abbrev</name>
         <load_address>0x94f</load_address>
         <run_address>0x94f</run_address>
         <size>0x163</size>
         <input_file_ref idref="fl-9"/>
      </object_component>
      <object_component id="oc-81">
         <name>.debug_abbrev</name>
         <load_address>0xab2</load_address>
         <run_address>0xab2</run_address>
         <size>0x172</size>
         <input_file_ref idref="fl-a"/>
      </object_component>
      <object_component id="oc-86">
         <name>.debug_abbrev</name>
         <load_address>0xc24</load_address>
         <run_address>0xc24</run_address>
         <size>0x8a</size>
         <input_file_ref idref="fl-b"/>
      </object_component>
      <object_component id="oc-8b">
         <name>.debug_abbrev</name>
         <load_address>0xcae</load_address>
         <run_address>0xcae</run_address>
         <size>0x8a</size>
         <input_file_ref idref="fl-c"/>
      </object_component>
      <object_component id="oc-8e">
         <name>.debug_abbrev</name>
         <load_address>0xd38</load_address>
         <run_address>0xd38</run_address>
         <size>0x21</size>
         <input_file_ref idref="fl-d"/>
      </object_component>
      <object_component id="oc-90">
         <name>.debug_abbrev</name>
         <load_address>0xd59</load_address>
         <run_address>0xd59</run_address>
         <size>0x21</size>
         <input_file_ref idref="fl-e"/>
      </object_component>
      <object_component id="oc-92">
         <name>.debug_abbrev</name>
         <load_address>0xd7a</load_address>
         <run_address>0xd7a</run_address>
         <size>0x21</size>
         <input_file_ref idref="fl-f"/>
      </object_component>
      <object_component id="oc-96">
         <name>.debug_abbrev</name>
         <load_address>0xd9b</load_address>
         <run_address>0xd9b</run_address>
         <size>0x10e</size>
         <input_file_ref idref="fl-10"/>
      </object_component>
[...]
      </symbol>
      <symbol id="sm-397">
         <name>_ECAN0INTB_ISR</name>
         <value>0x331c9a</value>
         <object_component_ref idref="oc-e4"/>
      </symbol>
      <symbol id="sm-398">
         <name>_TINT0_ISR</name>
         <value>0x331ae2</value>
         <object_component_ref idref="oc-e4"/>
      </symbol>
      <symbol id="sm-399">
         <name>_WAKEINT_ISR</name>
         <value>0x331aec</value>
         <object_component_ref idref="oc-e4"/>
      </symbol>
      <symbol id="sm-39a">
         <name>_DINTCH4_ISR</name>
         <value>0x331c18</value>
         <object_component_ref idref="oc-e4"/>
      </symbol>
      <symbol id="sm-39b">
         <name>_USER10_ISR</name>
         <value>0x331a92</value>
         <object_component_ref idref="oc-e4"/>
      </symbol>
      <symbol id="sm-39c">
         <name>_USER7_ISR</name>
         <value>0x331a74</value>
         <object_component_ref idref="oc-e4"/>
      </symbol>
      <symbol id="sm-39d">
         <name>_XINT1_ISR</name>
         <value>0x331ac4</value>
         <object_component_ref idref="oc-e4"/>
      </symbol>
      <symbol id="sm-39e">
         <name>_ECAP6_INT_ISR</name>
         <value>0x331ba0</value>
         <object_component_ref idref="oc-e4"/>
      </symbol>
      <symbol id="sm-39f">
         <name>_INT14_ISR</name>
         <value>0x3319fc</value>
         <object_component_ref idref="oc-e4"/>
      </symbol>
      <symbol id="sm-3a0">
         <name>_MXINTB_ISR</name>
         <value>0x331bdc</value>
         <object_component_ref idref="oc-e4"/>
      </symbol>
      <symbol id="sm-3a1">
         <name>_DINTCH5_ISR</name>
         <value>0x331c22</value>
         <object_component_ref idref="oc-e4"/>
      </symbol>
      <symbol id="sm-3a2">
         <name>_USER6_ISR</name>
         <value>0x331a6a</value>
         <object_component_ref idref="oc-e4"/>
      </symbol>
      <symbol id="sm-3a3">
         <name>_ECAP4_INT_ISR</name>
         <value>0x331b8c</value>
         <object_component_ref idref="oc-e4"/>
      </symbol>
      <symbol id="sm-3a4">
         <name>_MRINTA_ISR</name>
         <value>0x331be6</value>
         <object_component_ref idref="oc-e4"/>
      </symbol>
      <symbol id="sm-3a5">
         <name>_DINTCH6_ISR</name>
         <value>0x331c2c</value>
         <object_component_ref idref="oc-e4"/>
      </symbol>
      <symbol id="sm-3a6">
         <name>_USER12_ISR</name>
         <value>0x331aa6</value>
         <object_component_ref idref="oc-e4"/>
      </symbol>
      <symbol id="sm-3a7">
         <name>_ADCINT_ISR</name>
         <value>0x331ad8</value>
         <object_component_ref idref="oc-e4"/>
      </symbol>
      <symbol id="sm-3a8">
         <name>_USER1_ISR</name>
         <value>0x331a38</value>
         <object_component_ref idref="oc-e4"/>
      </symbol>
      <symbol id="sm-3a9">
         <name>_XINT3_ISR</name>
         <value>0x331cae</value>
         <object_component_ref idref="oc-e4"/>
      </symbol>
      <symbol id="sm-3aa">
         <name>_EPWM5_INT_ISR</name>
         <value>0x331b5a</value>
         <object_component_ref idref="oc-e4"/>
      </symbol>
      <symbol id="sm-3ab">
         <name>_NMI_ISR</name>
         <value>0x331a24</value>
         <object_component_ref idref="oc-e4"/>
      </symbol>
      <symbol id="sm-3ac">
         <name>_SCITXINTB_ISR</name>
         <value>0x331c7c</value>
         <object_component_ref idref="oc-e4"/>
      </symbol>
      <symbol id="sm-3ad">
         <name>_SCIRXINTB_ISR</name>
         <value>0x331c72</value>
         <object_component_ref idref="oc-e4"/>
      </symbol>
      <symbol id="sm-3ae">
         <name>_ECAN1INTA_ISR</name>
         <value>0x331c90</value>
         <object_component_ref idref="oc-e4"/>
      </symbol>
      <symbol id="sm-3af">
         <name>_ECAP2_INT_ISR</name>
         <value>0x331b78</value>
         <object_component_ref idref="oc-e4"/>
      </symbol>
      <symbol id="sm-3b0">
         <name>_PIE_RESERVED</name>
         <value>0x331cf4</value>
         <object_component_ref idref="oc-e4"/>
      </symbol>
      <symbol id="sm-3b1">
         <name>_I2CINT1A_ISR</name>
         <value>0x331c36</value>
         <object_component_ref idref="oc-e4"/>
      </symbol>
      <symbol id="sm-3b2">
         <name>_XINT2_ISR</name>
         <value>0x331ace</value>
         <object_component_ref idref="oc-e4"/>
      </symbol>
      <symbol id="sm-3b3">
         <name>_I2CINT2A_ISR</name>
         <value>0x331c40</value>
         <object_component_ref idref="oc-e4"/>
      </symbol>
      <symbol id="sm-3b4">
         <name>_SCITXINTC_ISR</name>
         <value>0x331c54</value>
         <object_component_ref idref="oc-e4"/>
      </symbol>
      <symbol id="sm-3b5">
         <name>_SCIRXINTC_ISR</name>
         <value>0x331c4a</value>
         <object_component_ref idref="oc-e4"/>
      </symbol>
      <symbol id="sm-3b6">
         <name>_RTOSINT_ISR</name>
         <value>0x331a10</value>
         <object_component_ref idref="oc-e4"/>
      </symbol>
      <symbol id="sm-3b7">
         <name>_EPWM3_INT_ISR</name>
         <value>0x331b46</value>
         <object_component_ref idref="oc-e4"/>
      </symbol>
      <symbol id="sm-3b8">
         <name>_ECAN1INTB_ISR</name>
         <value>0x331ca4</value>
         <object_component_ref idref="oc-e4"/>
      </symbol>
      <symbol id="sm-3b9">
         <name>_USER9_ISR</name>
         <value>0x331a88</value>
         <object_component_ref idref="oc-e4"/>
      </symbol>
      <symbol id="sm-3ba">
         <name>_USER3_ISR</name>
         <value>0x331a4c</value>
         <object_component_ref idref="oc-e4"/>
      </symbol>
      <symbol id="sm-3bb">
         <name>_EQEP1_INT_ISR</name>
         <value>0x331baa</value>
         <object_component_ref idref="oc-e4"/>
      </symbol>
      <symbol id="sm-3bc">
         <name>_MRINTB_ISR</name>
         <value>0x331bd2</value>
         <object_component_ref idref="oc-e4"/>
      </symbol>
      <symbol id="sm-3bd">
         <name>_DINTCH1_ISR</name>
         <value>0x331bfa</value>
         <object_component_ref idref="oc-e4"/>
      </symbol>
      <symbol id="sm-3be">
         <name>_USER8_ISR</name>
         <value>0x331a7e</value>
         <object_component_ref idref="oc-e4"/>
      </symbol>
      <symbol id="sm-3bf">
         <name>_EPWM1_INT_ISR</name>
         <value>0x331b32</value>
         <object_component_ref idref="oc-e4"/>
      </symbol>
      <symbol id="sm-3c0">
         <name>_SEQ2INT_ISR</name>
         <value>0x331aba</value>
         <object_component_ref idref="oc-e4"/>
      </symbol>
      <symbol id="sm-3c1">
         <name>_USER2_ISR</name>
         <value>0x331a42</value>
         <object_component_ref idref="oc-e4"/>
      </symbol>
      <symbol id="sm-3c2">
         <name>_LUF_ISR</name>
         <value>0x331cea</value>
         <object_component_ref idref="oc-e4"/>
      </symbol>
      <symbol id="sm-3c3">
         <name>_LVF_ISR</name>
         <value>0x331ce0</value>
         <object_component_ref idref="oc-e4"/>
      </symbol>
      <symbol id="sm-3c4">
         <name>_SCITXINTA_ISR</name>
         <value>0x331c68</value>
         <object_component_ref idref="oc-e4"/>
      </symbol>
      <symbol id="sm-3c5">
         <name>_SCIRXINTA_ISR</name>
         <value>0x331c5e</value>
         <object_component_ref idref="oc-e4"/>
      </symbol>
      <symbol id="sm-3c6">
         <name>_rsvd_ISR</name>
         <value>0x331cfe</value>
         <object_component_ref idref="oc-e4"/>
      </symbol>
      <symbol id="sm-3c7">
         <name>_ECAP5_INT_ISR</name>
         <value>0x331b96</value>
         <object_component_ref idref="oc-e4"/>
      </symbol>
      <symbol id="sm-3c8">
         <name>_DINTCH2_ISR</name>
         <value>0x331c04</value>
         <object_component_ref idref="oc-e4"/>
      </symbol>
      <symbol id="sm-3c9">
         <name>_XINT5_ISR</name>
         <value>0x331cc2</value>
         <object_component_ref idref="oc-e4"/>
      </symbol>
      <symbol id="sm-445">
         <name>_GpioCtrlRegs</name>
         <value>0x6f80</value>
         <object_component_ref idref="oc-116"/>
      </symbol>
      <symbol id="sm-446">
         <name>_PieVectTable</name>
         <value>0xd00</value>
         <object_component_ref idref="oc-125"/>
      </symbol>
      <symbol id="sm-447">
         <name>_ECap4Regs</name>
         <value>0x6a60</value>
         <object_component_ref idref="oc-106"/>
      </symbol>
      <symbol id="sm-448">
         <name>_CsmRegs</name>
         <value>0xae0</value>
         <object_component_ref idref="oc-ff"/>
      </symbol>
      <symbol id="sm-449">
         <name>_ECanaLAMRegs</name>
         <value>0x6040</value>
         <object_component_ref idref="oc-11b"/>
      </symbol>
      <symbol id="sm-44a">
         <name>_ECanbMOTORegs</name>
         <value>0x62c0</value>
         <object_component_ref idref="oc-11d"/>
      </symbol>
      <symbol id="sm-44b">
         <name>_EPwm4Regs</name>
         <value>0x68c0</value>
         <object_component_ref idref="oc-113"/>
      </symbol>
      <symbol id="sm-44c">
         <name>_ECap5Regs</name>
         <value>0x6a80</value>
         <object_component_ref idref="oc-10b"/>
      </symbol>
      <symbol id="sm-44d">
         <name>_CpuTimer1Regs</name>
         <value>0xc08</value>
         <object_component_ref idref="oc-f9"/>
      </symbol>
      <symbol id="sm-44e">
         <name>_SysCtrlRegs</name>
         <value>0x7010</value>
         <object_component_ref idref="oc-10a"/>
      </symbol>
      <symbol id="sm-44f">
         <name>_EPwm5Regs</name>
         <value>0x6900</value>
         <object_component_ref idref="oc-110"/>
      </symbol>
      <symbol id="sm-450">
         <name>_SpiaRegs</name>
         <value>0x7040</value>
         <object_component_ref idref="oc-fb"/>
      </symbol>
      <symbol id="sm-451">
         <name>_ECanaMOTSRegs</name>
         <value>0x6080</value>
         <object_component_ref idref="oc-11c"/>
      </symbol>
      <symbol id="sm-452">
         <name>_ECap6Regs</name>
         <value>0x6aa0</value>
         <object_component_ref idref="oc-10c"/>
      </symbol>
      <symbol id="sm-453">
         <name>_DmaRegs</name>
         <value>0x1000</value>
         <object_component_ref idref="oc-122"/>
      </symbol>
      <symbol id="sm-454">
         <name>_FlashRegs</name>
         <value>0xa80</value>
         <object_component_ref idref="oc-f7"/>
      </symbol>
      <symbol id="sm-455">
         <name>_CpuTimer0Regs</name>
         <value>0xc00</value>
         <object_component_ref idref="oc-f8"/>
      </symbol>
      <symbol id="sm-456">
         <name>_DevEmuRegs</name>
         <value>0x880</value>
         <object_component_ref idref="oc-121"/>
      </symbol>
      <symbol id="sm-457">
         <name>_McbspbRegs</name>
         <value>0x5040</value>
         <object_component_ref idref="oc-114"/>
      </symbol>
      <symbol id="sm-458">
         <name>_EPwm6Regs</name>
         <value>0x6940</value>
         <object_component_ref idref="oc-111"/>
      </symbol>
      <symbol id="sm-459">
         <name>_SciaRegs</name>
         <value>0x7050</value>
         <object_component_ref idref="oc-fe"/>
      </symbol>
      <symbol id="sm-45a">
         <name>_GpioDataRegs</name>
         <value>0x6fc0</value>
         <object_component_ref idref="oc-109"/>
      </symbol>
      <symbol id="sm-45b">
         <name>_CsmPwl</name>
         <value>0x33fff8</value>
         <object_component_ref idref="oc-f6"/>
      </symbol>
      <symbol id="sm-45c">
         <name>_AdcRegs</name>
         <value>0x7100</value>
         <object_component_ref idref="oc-103"/>
      </symbol>
      <symbol id="sm-45d">
         <name>_XIntruptRegs</name>
         <value>0x7070</value>
         <object_component_ref idref="oc-101"/>
      </symbol>
      <symbol id="sm-45e">
         <name>_CpuTimer2Regs</name>
         <value>0xc10</value>
         <object_component_ref idref="oc-f5"/>
      </symbol>
      <symbol id="sm-45f">
         <name>_PieCtrlRegs</name>
         <value>0xce0</value>
         <object_component_ref idref="oc-102"/>
      </symbol>
      <symbol id="sm-460">
         <name>_ECanbMOTSRegs</name>
         <value>0x6280</value>
         <object_component_ref idref="oc-11a"/>
      </symbol>
      <symbol id="sm-461">
         <name>_ECanaRegs</name>
         <value>0x6000</value>
         <object_component_ref idref="oc-117"/>
      </symbol>
      <symbol id="sm-462">
         <name>_AdcMirror</name>
         <value>0xb00</value>
         <object_component_ref idref="oc-100"/>
      </symbol>
      <symbol id="sm-463">
         <name>_ECanbMboxes</name>
         <value>0x6300</value>
         <object_component_ref idref="oc-123"/>
      </symbol>
      <symbol id="sm-464">
         <name>_XintfRegs</name>
         <value>0xb20</value>
         <object_component_ref idref="oc-104"/>
      </symbol>
      <symbol id="sm-465">
         <name>_ScicRegs</name>
         <value>0x7770</value>
         <object_component_ref idref="oc-fd"/>
      </symbol>
      <symbol id="sm-466">
         <name>_ECap1Regs</name>
         <value>0x6a00</value>
         <object_component_ref idref="oc-107"/>
      </symbol>
      <symbol id="sm-467">
         <name>_EQep1Regs</name>
         <value>0x6b00</value>
         <object_component_ref idref="oc-11e"/>
      </symbol>
      <symbol id="sm-468">
         <name>_McbspaRegs</name>
         <value>0x5000</value>
         <object_component_ref idref="oc-115"/>
      </symbol>
      <symbol id="sm-469">
         <name>_EPwm1Regs</name>
         <value>0x6800</value>
         <object_component_ref idref="oc-112"/>
      </symbol>
      <symbol id="sm-46a">
         <name>_ECanbRegs</name>
         <value>0x6200</value>
         <object_component_ref idref="oc-118"/>
      </symbol>
      <symbol id="sm-46b">
         <name>_ScibRegs</name>
         <value>0x7750</value>
         <object_component_ref idref="oc-fc"/>
      </symbol>
      <symbol id="sm-46c">
         <name>_ECap2Regs</name>
         <value>0x6a20</value>
         <object_component_ref idref="oc-108"/>
      </symbol>
      <symbol id="sm-46d">
         <name>_GpioIntRegs</name>
         <value>0x6fe0</value>
         <object_component_ref idref="oc-fa"/>
      </symbol>
      <symbol id="sm-46e">
         <name>_EQep2Regs</name>
         <value>0x6b40</value>
         <object_component_ref idref="oc-11f"/>
      </symbol>
      <symbol id="sm-46f">
         <name>_PartIdRegs</name>
         <value>0x0</value>
         <object_component_ref idref="oc-f4"/>
      </symbol>
      <symbol id="sm-470">
         <name>_EPwm2Regs</name>
         <value>0x6840</value>
         <object_component_ref idref="oc-10d"/>
      </symbol>
      <symbol id="sm-471">
         <name>_ECanaMboxes</name>
         <value>0x6100</value>
         <object_component_ref idref="oc-124"/>
      </symbol>
      <symbol id="sm-472">
         <name>_ECap3Regs</name>
         <value>0x6a40</value>
         <object_component_ref idref="oc-105"/>
      </symbol>
      <symbol id="sm-473">
         <name>_ECanaMOTORegs</name>
         <value>0x60c0</value>
         <object_component_ref idref="oc-119"/>
      </symbol>
      <symbol id="sm-474">
         <name>_EPwm3Regs</name>
         <value>0x6880</value>
         <object_component_ref idref="oc-10e"/>
      </symbol>
      <symbol id="sm-475">
         <name>_ECanbLAMRegs</name>
         <value>0x6240</value>
         <object_component_ref idref="oc-120"/>
      </symbol>
      <symbol id="sm-476">
         <name>_I2caRegs</name>
         <value>0x7900</value>
         <object_component_ref idref="oc-10f"/>
      </symbol>
      <symbol id="sm-4b8">
         <name>_DSP28x_usDelay</name>
         <value>0x8000</value>
         <object_component_ref idref="oc-145"/>
      </symbol>
      <symbol id="sm-4d3">
         <name>_c_int00</name>
         <value>0x3320e7</value>
         <object_component_ref idref="oc-4c"/>
      </symbol>
      <symbol id="sm-4d4">
         <name>__stack</name>
         <value>0x400</value>
         <object_component_ref idref="oc-14a"/>
      </symbol>
      <symbol id="sm-4e5">
         <name>FS$$DIV</name>
         <value>0x331f81</value>
         <object_component_ref idref="oc-150"/>
      </symbol>
      <symbol id="sm-4f3">
         <name>I$$MOD</name>
         <value>0x3321e6</value>
         <object_component_ref idref="oc-155"/>
      </symbol>
      <symbol id="sm-4f4">
         <name>I$$DIV</name>
         <value>0x3321d5</value>
         <object_component_ref idref="oc-155"/>
      </symbol>
      <symbol id="sm-503">
         <name>_copy_in</name>
         <value>0x3321b1</value>
         <object_component_ref idref="oc-180"/>
      </symbol>
      <symbol id="sm-514">
         <name>_memcpy</name>
         <value>0x3321f7</value>
         <object_component_ref idref="oc-188"/>
      </symbol>
      <symbol id="sm-520">
         <name>__system_pre_init</name>
         <value>0x332241</value>
         <object_component_ref idref="oc-17f"/>
      </symbol>
      <symbol id="sm-52d">
         <name>__system_post_cinit</name>
         <value>0x332243</value>
         <object_component_ref idref="oc-181"/>
      </symbol>
      <symbol id="sm-541">
         <name>C$$EXIT</name>
         <value>0x332188</value>
         <object_component_ref idref="oc-183"/>
      </symbol>
      <symbol id="sm-542">
         <name>_exit</name>
         <value>0x33218a</value>
         <object_component_ref idref="oc-183"/>
      </symbol>
      <symbol id="sm-543">
         <name>___TI_cleanup_ptr</name>
         <value>0xc13c</value>
         <object_component_ref idref="oc-170"/>
      </symbol>
      <symbol id="sm-544">
         <name>___TI_enable_exit_profile_output</name>
         <value>0xc13a</value>
         <object_component_ref idref="oc-170"/>
      </symbol>
      <symbol id="sm-545">
         <name>_abort</name>
         <value>0x332188</value>
         <object_component_ref idref="oc-183"/>
      </symbol>
      <symbol id="sm-546">
         <name>___TI_dtors_ptr</name>
         <value>0xc13e</value>
         <object_component_ref idref="oc-170"/>
      </symbol>
      <symbol id="sm-55a">
         <name>__unlock</name>
         <value>0xc1d8</value>
         <object_component_ref idref="oc-193"/>
      </symbol>
      <symbol id="sm-55b">
         <name>__lock</name>
         <value>0xc1be</value>
         <object_component_ref idref="oc-18a"/>
      </symbol>
      <symbol id="sm-55c">
         <name>__register_lock</name>
         <value>0x332232</value>
         <object_component_ref idref="oc-190"/>
      </symbol>
      <symbol id="sm-55d">
         <name>__nop</name>
         <value>0x332236</value>
         <object_component_ref idref="oc-190"/>
      </symbol>
      <symbol id="sm-55e">
         <name>__register_unlock</name>
         <value>0x33222e</value>
         <object_component_ref idref="oc-190"/>
      </symbol>
      <symbol id="sm-56d">
         <name>__args_main</name>
         <value>0x332215</value>
         <object_component_ref idref="oc-182"/>
      </symbol>
   </symbol_table>
   <title>Link successful</title>
</link_info>
